$ cd /workspace/shadcn-ui
$ pnpm add react-dropzone

Progress: resolved 0, reused 1, downloaded 0, added 0
Progress: resolved 52, reused 52, downloaded 0, added 0
Progress: resolved 107, reused 107, downloaded 0, added 0
Progress: resolved 252, reused 252, downloaded 0, added 0
Progress: resolved 499, reused 425, downloaded 0, added 0
 WARN  1 deprecated subdependencies found: rollup-plugin-terser@7.0.2
Already up to date
Progress: resolved 501, reused 427, downloaded 0, added 0, done

Done in 9.1s
$ pnpm run lint


> shadcnui@ lint /workspace/shadcn-ui
> eslint --quiet ./src


/workspace/shadcn-ui/src/lib/api.ts
  145:63  error  Unexpected any. Specify a different type  @typescript-eslint/no-explicit-any

✖ 1 problem (1 error, 0 warnings)

 ELIFECYCLE  Command failed with exit code 1.
$ pnpm run build


> shadcnui@ build /workspace/shadcn-ui
> vite build

vite v5.4.19 building for production...
transforming...
✓ 1742 modules transformed.
rendering chunks...
computing gzip size...
dist/index.html                   1.01 kB │ gzip:   0.48 kB
dist/assets/index-bsTCfZIZ.css   66.84 kB │ gzip:  11.51 kB
dist/assets/index-BwdvHAqZ.js   491.16 kB │ gzip: 151.37 kB
✓ built in 5.87s
$ pnpm run lint


> shadcnui@ lint /workspace/shadcn-ui
> eslint --quiet ./src


/workspace/shadcn-ui/src/components/SubscriptionPlans.tsx
  16:52  error  Unexpected any. Specify a different type  @typescript-eslint/no-explicit-any
  19:35  error  Unexpected any. Specify a different type  @typescript-eslint/no-explicit-any

✖ 2 problems (2 errors, 0 warnings)

 ELIFECYCLE  Command failed with exit code 1.
